#-----------------------------------------------------------
# Vivado v2020.2 (64-bit)
# SW Build 3064766 on Wed Nov 18 09:12:45 MST 2020
# IP Build 3064653 on Wed Nov 18 14:17:31 MST 2020
# Start of session at: Sat Dec  2 23:11:42 2023
# Process ID: 16476
# Current directory: C:/Users/Emily Shao/Desktop/pacman-fpga/Trial-Vivado-Emily
# Command line: vivado.exe -gui_launcher_event rodinguilauncherevent10432 C:\Users\Emily Shao\Desktop\pacman-fpga\Trial-Vivado-Emily\pacman-project.xpr
# Log file: C:/Users/Emily Shao/Desktop/pacman-fpga/Trial-Vivado-Emily/vivado.log
# Journal file: C:/Users/Emily Shao/Desktop/pacman-fpga/Trial-Vivado-Emily\vivado.jou
#-----------------------------------------------------------
start_gui
open_project {C:/Users/Emily Shao/Desktop/pacman-fpga/Trial-Vivado-Emily/pacman-project.xpr}
export_ip_user_files -of_objects  [get_files {{C:/Users/Emily Shao/Desktop/pacman-fpga/Trial-Vivado-Emily/pacman-project.srcs/sources_1/imports/lab6_kit/Ps2Interface.vhd}}] -no_script -reset -force -quiet
remove_files  {{C:/Users/Emily Shao/Desktop/pacman-fpga/Trial-Vivado-Emily/pacman-project.srcs/sources_1/imports/lab6_kit/Ps2Interface.vhd}}
file delete -force {C:/Users/Emily Shao/Desktop/pacman-fpga/Trial-Vivado-Emily/pacman-project.srcs/sources_1/imports/lab6_kit/Ps2Interface.vhd}
export_ip_user_files -of_objects  [get_files {{C:/Users/Emily Shao/Desktop/pacman-fpga/Trial-Vivado-Emily/pacman-project.srcs/sources_1/imports/lab6_kit/RAM.v}}] -no_script -reset -force -quiet
remove_files  {{C:/Users/Emily Shao/Desktop/pacman-fpga/Trial-Vivado-Emily/pacman-project.srcs/sources_1/imports/lab6_kit/RAM.v}}
file delete -force {C:/Users/Emily Shao/Desktop/pacman-fpga/Trial-Vivado-Emily/pacman-project.srcs/sources_1/imports/lab6_kit/RAM.v}
reset_run synth_1
launch_runs synth_1 -jobs 4
wait_on_run synth_1
reset_run synth_1
launch_runs synth_1 -jobs 4
wait_on_run synth_1
reset_run synth_1
launch_runs synth_1 -jobs 4
wait_on_run synth_1
add_files -norecurse {{C:/Users/Emily Shao/Desktop/pacman-fpga/Trial-Vivado-Emily/pacman-project.srcs/sources_1/imports/lab6_kit/ROM.v}}
export_ip_user_files -of_objects  [get_files {{C:/Users/Emily Shao/Desktop/pacman-fpga/Trial-Vivado-Emily/pacman-project.srcs/sources_1/imports/processor/ROM.v}}] -no_script -reset -force -quiet
remove_files  {{C:/Users/Emily Shao/Desktop/pacman-fpga/Trial-Vivado-Emily/pacman-project.srcs/sources_1/imports/processor/ROM.v}}
reset_run synth_1
launch_runs synth_1 -jobs 4
wait_on_run synth_1
reset_run synth_1
launch_runs synth_1 -jobs 4
wait_on_run synth_1
create_project Trial-Test {C:/Users/Emily Shao/Desktop/Trial-Test} -part xc7a100tcsg324-1
add_files -fileset constrs_1 -norecurse {{C:/Users/Emily Shao/Desktop/lab6_kit/master.xdc}}
import_files -fileset constrs_1 {{C:/Users/Emily Shao/Desktop/lab6_kit/master.xdc}}
import_files -norecurse {{C:/Users/Emily Shao/Desktop/lab6_kit/RAM.v} {C:/Users/Emily Shao/Desktop/lab6_kit/VGAController.v} {C:/Users/Emily Shao/Desktop/lab6_kit/VGATimingGenerator.v}}
update_compile_order -fileset sources_1
update_compile_order -fileset sources_1
launch_runs synth_1 -jobs 4
wait_on_run synth_1
launch_runs impl_1 -jobs 4
wait_on_run impl_1
reset_run synth_1
launch_runs impl_1 -to_step write_bitstream -jobs 4
wait_on_run impl_1
open_hw_manager
connect_hw_server -allow_non_jtag
disconnect_hw_server localhost:3121
connect_hw_server -allow_non_jtag
disconnect_hw_server localhost:3121
connect_hw_server -allow_non_jtag
disconnect_hw_server localhost:3121
connect_hw_server -allow_non_jtag
disconnect_hw_server localhost:3121
connect_hw_server -allow_non_jtag
open_hw_target
set_property PROGRAM.FILE {C:/Users/Emily Shao/Desktop/Trial-Test/Trial-Test.runs/impl_1/VGAController.bit} [get_hw_devices xc7a100t_0]
current_hw_device [get_hw_devices xc7a100t_0]
refresh_hw_device -update_hw_probes false [lindex [get_hw_devices xc7a100t_0] 0]
set_property PROBES.FILE {} [get_hw_devices xc7a100t_0]
set_property FULL_PROBES.FILE {} [get_hw_devices xc7a100t_0]
set_property PROGRAM.FILE {C:/Users/Emily Shao/Desktop/Trial-Test/Trial-Test.runs/impl_1/VGAController.bit} [get_hw_devices xc7a100t_0]
program_hw_devices [get_hw_devices xc7a100t_0]
refresh_hw_device [lindex [get_hw_devices xc7a100t_0] 0]
add_files -fileset constrs_1 -norecurse {{C:/Users/Emily Shao/Desktop/lab6_kit/constraints.xdc}}
import_files -fileset constrs_1 {{C:/Users/Emily Shao/Desktop/lab6_kit/constraints.xdc}}
close_hw_manager
reorder_files -fileset constrs_1 -before {C:/Users/Emily Shao/Desktop/Trial-Test/Trial-Test.srcs/constrs_1/imports/lab6_kit/master.xdc} {{C:/Users/Emily Shao/Desktop/Trial-Test/Trial-Test.srcs/constrs_1/imports/lab6_kit/constraints.xdc}}
reset_run synth_1
launch_runs synth_1 -jobs 4
wait_on_run synth_1
launch_runs impl_1 -jobs 4
wait_on_run impl_1
launch_runs impl_1 -to_step write_bitstream -jobs 4
wait_on_run impl_1
open_hw_manager
connect_hw_server -allow_non_jtag
open_hw_target
set_property PROGRAM.FILE {C:/Users/Emily Shao/Desktop/Trial-Test/Trial-Test.runs/impl_1/VGAController.bit} [get_hw_devices xc7a100t_0]
current_hw_device [get_hw_devices xc7a100t_0]
refresh_hw_device -update_hw_probes false [lindex [get_hw_devices xc7a100t_0] 0]
set_property PROBES.FILE {} [get_hw_devices xc7a100t_0]
set_property FULL_PROBES.FILE {} [get_hw_devices xc7a100t_0]
set_property PROGRAM.FILE {C:/Users/Emily Shao/Desktop/Trial-Test/Trial-Test.runs/impl_1/VGAController.bit} [get_hw_devices xc7a100t_0]
program_hw_devices [get_hw_devices xc7a100t_0]
refresh_hw_device [lindex [get_hw_devices xc7a100t_0] 0]
close_hw_manager
current_project pacman-project
current_project Trial-Test
reset_run synth_1
launch_runs synth_1 -jobs 4
wait_on_run synth_1
current_project pacman-project
add_files -fileset constrs_1 -norecurse {{C:/Users/Emily Shao/Desktop/pacman-fpga/constraints.xdc}}
import_files -fileset constrs_1 {{C:/Users/Emily Shao/Desktop/pacman-fpga/constraints.xdc}}
current_project Trial-Test
launch_runs impl_1 -jobs 4
wait_on_run impl_1
current_project pacman-project
current_project Trial-Test
launch_runs impl_1 -to_step write_bitstream -jobs 4
wait_on_run impl_1
current_project pacman-project
current_project Trial-Test
open_hw_manager
connect_hw_server -allow_non_jtag
open_hw_target
set_property PROGRAM.FILE {C:/Users/Emily Shao/Desktop/Trial-Test/Trial-Test.runs/impl_1/VGAController.bit} [get_hw_devices xc7a100t_0]
current_hw_device [get_hw_devices xc7a100t_0]
refresh_hw_device -update_hw_probes false [lindex [get_hw_devices xc7a100t_0] 0]
set_property PROBES.FILE {} [get_hw_devices xc7a100t_0]
set_property FULL_PROBES.FILE {} [get_hw_devices xc7a100t_0]
set_property PROGRAM.FILE {C:/Users/Emily Shao/Desktop/Trial-Test/Trial-Test.runs/impl_1/VGAController.bit} [get_hw_devices xc7a100t_0]
program_hw_devices [get_hw_devices xc7a100t_0]
refresh_hw_device [lindex [get_hw_devices xc7a100t_0] 0]
reset_run synth_1
launch_runs impl_1 -to_step write_bitstream -jobs 4
wait_on_run impl_1
current_project pacman-project
close_project
set_property PROBES.FILE {} [get_hw_devices xc7a100t_0]
set_property FULL_PROBES.FILE {} [get_hw_devices xc7a100t_0]
set_property PROGRAM.FILE {C:/Users/Emily Shao/Desktop/Trial-Test/Trial-Test.runs/impl_1/VGAController.bit} [get_hw_devices xc7a100t_0]
program_hw_devices [get_hw_devices xc7a100t_0]
refresh_hw_device [lindex [get_hw_devices xc7a100t_0] 0]
